Welcome to Watermelon Banking System
Please login to begin or type in “help” for more information
Mode in which you wish to login as:
You are currently logged in as an administrator
Enter Account holder’s name:
You are currently logged in as acc_holder
Bank Account Number: acc_num
Balance: balance
Transaction PaymentPlan: plan
Status: status
ERROR: You need to be an administrator to enable an account.
You have successfully logged out of the administrator account