Welcome to Watermelon Banking System
Please login to begin or type in “help” for more information.
Mode in which you wish to login as:
You are currently logged in as an administrator.
Enter account holder’sname:
Enter account number:
The account 00005 has been enabled successfully.
Enter origin account holder’s name:
Enter origin account number:
Enter company: 
Enter amount to pay:
Funds have been successfully paid a bill of 00010.00 from account 00005.
New balance: $0990.00 
You have successfully logged out of administrator account.


