Welcome to Watermelon Banking System
Please login to begin or type in “help” for more information.
Mode in which you wish to login as:
You are currently logged in as an administrator.
Enter account holder’s name:
Enter account number:
Enter amount to deposit:
Funds have been successfully added to the account 00001.
New balance: $01020.00
You have successfully logged out of the administrator account.