Welcome to Watermelon Banking System
Please login to begin or type in “help” for more information.
Enter mode in which you wish to login as:
Account holder’s name:
You are currently logged in as Tarzan.
Bank Account Number: 00001
Balance: $01000.00
Transaction Payment Plan: Non-student
Status: Active
Enter account number:
Enter amount to deposit:
ERROR: The amount entered is not valid.
You have successfully logged out of your account.