Welcome to Watermelon Banking System
Please login to begin or type in “help” for more information.
Mode in which you wish to login as:
You are currently logged in as an administrator.
Enter account holder’s name:
Enter account number:
The transaction payment plan for account 00009 has been successfully changed to non-student.
You have successfully logged out of the administrator account.