Welcome to Watermelon Banking System
Please login to begin or type in “help” for more information.
Mode in which you wish to login as:
You are currently logged in as an administrator.
Enter account holder’s name:
Enter account number:
Are you sure you want to delete Bruce's account 00003(yes/no)?
The account 00003 has been deleted successfully.
You have successfully logged out of the administrator account.