Welcome to Watermelon Banking System
Please login to begin or type in “help” for more information.
Mode in which you wish to login as:
Enter account holder’s name:
You are currently logged in as an administrator.
Enter account holder’s name:
Enter account number:
ERROR: The account holder number entered is not valid.
You have successfully logged out of the administrator account.