Welcome to Watermelon Banking System
Please login to begin or type in “help” for more information.
Mode in which you wish to log in as: 
Account holder’s name: 
You are currently logged in as Tarzan.
BankAccount Number: 00001
Balance: $01000.00
Transaction PaymentPlan: Non-student
Status: Active
You have successfully logged out of your account.