Welcome to Watermelon Banking System
Please login to begin or type in “help” for more information.
Enter mode in which you wish to login as:
You are currently logged in as an administrator.
ERROR: This is an invalid command. Please refer to the “help” command for more information.
You have successfully logged out of the administrator account.