Welcome to Watermelon Banking System
Please login to begin or type in “help” for more information.
Enter mode in which you wish to login as:
You are currently logged in as an administrator.
ERROR: There is a session running.
Please logout and try again.
You have successfully logged out of the administrator account.