Welcome to Watermelon Banking System
Please login to begin or type in “help” for more information.
Mode in which you wish to login as:
You are currently logged in as an administrator.
Enter new account holder’s name:
Your account holder name has been truncated to: LuisaRojas0123456789
Enter the initial balance:
You have successfully created a new account.
Account number: 00021
Account holder’s name: LuisaRojas0123456789
Account balance: $00500.00
You have successfully logged out of the administrator account.