Welcome to Watermelon Banking System
Please login to begin or type in “help” for more information.
Mode in which you wish to login as:
You are currently logged in as an administrator.
Enter account holder’s name:
Enter the origin account number:
Enter company:
ERROR: The company name is invalid. Must be one of the following: EC, CQ or TV.
You have successfully logged out of the administrator account.