 __    __      _                           _             
/ / /\ \ \__ _| |_ ___ _ __ _ __ ___   ___| | ___  _ __  
\ \/  \/ / _` | __/ _ \ '__| '_ ` _ \ / _ \ |/ _ \| '_ \ 
 \  /\  / (_| | ||  __/ |  | | | | | |  __/ | (_) | | | |
  \/  \/ \__,_|\__\___|_|  |_| |_| |_|\___|_|\___/|_| |_|
  
Welcome to Watermelon Banking System. 
Please log in to begin or enter "help" for more information.

Enter mode in which you wish to log in as: 

Enter account holder's name:

You are currently logged in as Harley
BankAccount Number: 00018
Balance: $1000.00
Transaction PaymentPlan: Non-student
Status: Acive

Enter a command.

Pay bill transaction selected.

Enter your account number:
Enter company:
Enter amount to pay:

>>> ERROR: The amount entered is invalid.

You have successfully logged out of your account.

Login or enter "help" for more information.