Welcome to Watermelon Banking System
Please login to begin or type in “help” for more information.
Mode in which you wish to login as:
Enter account holder’s name:
You are currently logged in as Tarzan.
Bank Account Number: 00001
Balance: $01000.00
Transaction Payment Plan: Non-student
Status: Active
Enter your account number:
Enter company:
Enter amount to pay:
You have successfully paid a bill of 00100.00 to EC. 
New balance: $00900.00
You have successfully logged out of your account.