Welcome to Watermelon Banking System
Please login to begin or type in “help” for more information
Enter mode in which you wish to login as:
You are currently logged in as Steve.
Bank Account Number: 00015
Balance: $01000.00
Transaction Payment Plan: Non-student
Status: Disabled
Enter account number:
ERROR: Your account is disabled; you may not pay any bills.
You have successfully logged out of your account.