Welcome to Watermelon Banking System
Please login to begin or type in “help” for more information.
Mode in which you wish to login as:
Enter account holder’s name:
You are currently logged in as Harvey
Bank Account Number: 00006
Balance: $0.02
Transaction Payment Plan: student
Status: active
Enter your account number:
Enter company:
Enter amount to pay:
ERROR:The amount entered is not valid.
You have successfully logged out of your account.