Welcome to Watermelon Banking System
Please login to begin or type in “help” for more information.
Mode in which you wish to login as:
Account holder’s name:
You are currently logged in as Bill
Bank Account Number: 00014
Balance: $1000.00
Transaction Payment Plan: non-student
Status: active
Enter your account number:
Enter destination account number:
ERROR: Newly created accounts may not send receive.
Please try again in 24 hours.
You have successfully logged out of your account.