Welcome to Watermelon Banking System
Please login to begin or type in “help” for more information.
Enter mode in which you wish to login as:
You are currently logged in as an administrator.
Enter original account holder’s name:
ERROR: The account holder's name is not valid.
You have successfully logged out of the administrator account.