 __    __      _                           _             
/ / /\ \ \__ _| |_ ___ _ __ _ __ ___   ___| | ___  _ __  
\ \/  \/ / _` | __/ _ \ '__| '_ ` _ \ / _ \ |/ _ \| '_ \ 
 \  /\  / (_| | ||  __/ |  | | | | | |  __/ | (_) | | | |
  \/  \/ \__,_|\__\___|_|  |_| |_| |_|\___|_|\___/|_| |_|
  
Welcome to Watermelon Banking System. 
Please log in to begin or enter "help" for more information.

>> ERROR: You must be logged in before invoking any other commands.

