Welcome to Watermelon Banking System
Please login to begin or type in “help” for more information.
Mode in which you wish to login as:
You are currently logged in as an administrator.
Enter origin account holder’s name:
Enter company:
Enter amount to pay:
You have successfully paid a bill of 00100.00 from account 00001 to TV. 
New balance: $00900.00
ERROR: You may not pay any bills using this account.
You have successfully logged out of the administrator account 