Welcome to Watermelon Banking System
Please login to begin or type in “help” for more information
Mode in which you wish to login as:
Enter account holder’s name:
You are currently logged in as acc_holder
Bank Account Number: acc_num
Balance: balance
Transaction Payment Plan: plan
Status: status
Enter your account number:
Enter company:
Enter amount to pay:
You have successfully paid a bill of amount_pay to company 
New balance: new_balance
You have successfully logged out of your account 