Welcome to Watermelon Banking System
Please login to begin or type in “help” for more information.
Mode in which you wish to login as:
Enter account holder’s name:
You are currently logged in as Harley
Bank Account Number: 00018
Balance: $1000.00
Transaction Payment Plan: non-student
Status: active
Enter your account number:
Enter company:
Enter amount to pay:
ERROR:The amount entered is not valid.
You have successfully logged out of your account.