Welcome to Watermelon Banking System
Please login to begin or type in “help” for more information.
ERROR: You are not currently logged in to an account.