Welcome to Watermelon Banking System
Please login to begin or type in “help” for more information.
Mode in which you wish to login as:
Account holder’s name:
You are currently logged in as Richie.
Bank Account Number: 00012
Balance: $00000.02
Transaction Payment Plan: Non-student
Status: Active
Enter account number:
Enter amount to deposit:
ERROR: The amount entered is not valid.
You have successfully logged out of your account.