Welcome to Watermelon Banking System
Please login to begin or type in “help” for more information
Mode in which you wish to login as:
Enter Account holder’sname:
You are currently logged in as an administrator
Enter account holder’s name:
Enter account number:
The account acc_number has been disabled successfully
You have successfully logged out of the administrator account