Welcome to Watermelon Banking System
Please login to begin or type in “help” for more information.
Enter mode in which you wish to login as:
You are currently logged in as an administrator.
Enter origin account holder’s name:
ERROR: Disabled accounts may not send funds.
You have successfully logged out of the administrator account.