 __    __      _                           _             
/ / /\ \ \__ _| |_ ___ _ __ _ __ ___   ___| | ___  _ __  
\ \/  \/ / _` | __/ _ \ '__| '_ ` _ \ / _ \ |/ _ \| '_ \ 
 \  /\  / (_| | ||  __/ |  | | | | | |  __/ | (_) | | | |
  \/  \/ \__,_|\__\___|_|  |_| |_| |_|\___|_|\___/|_| |_|
  
Welcome to Watermelon Banking System. 
Please log in to begin or enter "help" for more information.

Enter mode in which you wish to log in as: 

Enter account holder's name:

You are currently logged in as Luisa
BankAccount Number: 00020
Balance: $99999.99
Transaction PaymentPlan: Non-student
Status: Active

Enter a command.

Transfer transaction selected.

Enter you account number: 

>>> ERROR: Newly created accounts may not send funds. Please try again in 24 hours.

You have successfully logged out of your account.

Login or enter "help" for more information.