Welcome to Watermelon Banking System
Please login to begin or type in “help” for more information.
Mode in which you wish to login as:
Account holder’s name:
You are currently logged in as: Tarzan
Bank Account Number: 00001
Balance: $01000.00
Transaction Payment Plan: Non-student
Status: Active
ERROR: You need to be an administrator to create a new account.
You have successfully logged out of your account.